ΓÜí∩╕Å @cloudflare/next-on-pages CLI v.1.13.16
npx : 
At line:1 char:1
+ npx @cloudflare/next-on-pages > build_output.txt 2>&1
+ ~~~~~~~~~~~~~~~~~~~~~~~~~~~~~~~~~~~~~~~~~~~~~~~~~~~~~
    + CategoryInfo          : NotSpecified: (:String) [], RemoteException
    + FullyQualifiedErrorId : NativeCommandError
 
ΓÜí∩╕Å Warning: It seems like you're on a Windows system, the Vercel CLI (run by @cloudflare/next-on-pages
ΓÜí∩╕Å to build your application) seems not to work reliably on Windows so if you experience issues during
ΓÜí∩╕Å the build process please try switching to a different operating system or running
ΓÜí∩╕Å @cloudflare/next-on-pages under the Windows Subsystem for Linux

EXIT WHEN NOT EXPECTED

SHELLAC COMMAND FAILED!
Executing: npm --version in D:\Buildenza_web

STDOUT:



STDERR:



ΓÜí∩╕Å Unexpected error: {"cmd":"npm --version","stdout":"","stderr":""}
